// Jest Snapshot v1, https://goo.gl/fbAQLP

exports[`AuthenticJobs getDescriptionHtml should work 1`] = `
"<div id=\\"posted\\" class=\\"ss-gizmo ss-stopwatch\\"><time datetime=\\"1555011963\\">Posted Yesterday</time> – Accepting applications</div>
    
    <p style=\\"box-sizing: border-box; margin: 0px 0px 10px; padding: 0px; color: #2d2d2d; font-family: HelveticaNeue, Helvetica, Arial, sans-serif; font-size: 14px; background-color: #ffffff;\\"><strong style=\\"box-sizing: border-box;\\">Who We Are</strong></p>

<p></p><p style=\\"box-sizing: border-box; margin: 0px 0px 10px; padding: 0px; color: #2d2d2d; font-family: HelveticaNeue, Helvetica, Arial, sans-serif; font-size: 14px; background-color: #ffffff;\\">At Outside Analytics we are passionate about the outdoors and building software that increases outdoor accessibility, usage, and understanding. We are building a data analytics and geospatial processing platform with an innovative web and mobile interface to empower people’s outdoor experiences. We believe that the right technology can create stronger connections between people and nature, improve health and wellness, increase environmental empathy, and drive support for public land conservation.</p>
<p style=\\"box-sizing: border-box; margin: 0px 0px 10px; padding: 0px; color: #2d2d2d; font-family: HelveticaNeue, Helvetica, Arial, sans-serif; font-size: 14px; background-color: #ffffff;\\"><strong style=\\"box-sizing: border-box;\\">Position Responsibilities</strong></p>
<p style=\\"box-sizing: border-box; margin: 0px 0px 10px; padding: 0px; color: #2d2d2d; font-family: HelveticaNeue, Helvetica, Arial, sans-serif; font-size: 14px; background-color: #ffffff;\\">Development, test and deployment of complex and highly performant web applications. Assist in the development of strategic and technology roadmaps, and support the development of mobile applications.</p>
<p style=\\"box-sizing: border-box; margin: 0px 0px 10px; padding: 0px; color: #2d2d2d; font-family: HelveticaNeue, Helvetica, Arial, sans-serif; font-size: 14px; background-color: #ffffff;\\"><strong style=\\"box-sizing: border-box;\\">Required Qualifications and Skills</strong></p>
<ul style=\\"box-sizing: border-box; margin: 0px 0px 10px 45px; padding: 0px; color: #2d2d2d; font-family: HelveticaNeue, Helvetica, Arial, sans-serif; font-size: 14px; background-color: #ffffff;\\">
<li style=\\"box-sizing: border-box; margin: 0px; padding: 0px 10px 0px 0px; list-style: disc; line-height: 21px; overflow-wrap: break-word;\\">Passionate about the outdoors and outdoor recreation</li>
<li style=\\"box-sizing: border-box; margin: 0px; padding: 0px 10px 0px 0px; list-style: disc; line-height: 21px; overflow-wrap: break-word;\\">Expertise in React, Node, JavaScript, HTML, CSS</li>
<li style=\\"box-sizing: border-box; margin: 0px; padding: 0px 10px 0px 0px; list-style: disc; line-height: 21px; overflow-wrap: break-word;\\">Proficiency working with mapping libraries and APIs such as Mapbox or Google Maps</li>
<li style=\\"box-sizing: border-box; margin: 0px; padding: 0px 10px 0px 0px; list-style: disc; line-height: 21px; overflow-wrap: break-word;\\">API development and data driven RESTful web services</li>
<li style=\\"box-sizing: border-box; margin: 0px; padding: 0px 10px 0px 0px; list-style: disc; line-height: 21px; overflow-wrap: break-word;\\">Performant querying of backend data stores such as SQL databases and Elasticsearch</li>
<li style=\\"box-sizing: border-box; margin: 0px; padding: 0px 10px 0px 0px; list-style: disc; line-height: 21px; overflow-wrap: break-word;\\">Experience developing and deploying into Amazon Web Services (AWS)</li>
<li style=\\"box-sizing: border-box; margin: 0px; padding: 0px 10px 0px 0px; list-style: disc; line-height: 21px; overflow-wrap: break-word;\\">DevOps practices and development tool chains (Github, Jenkins, Chef, etc)</li>
<li style=\\"box-sizing: border-box; margin: 0px; padding: 0px 10px 0px 0px; list-style: disc; line-height: 21px; overflow-wrap: break-word;\\">Interpersonal skills, taking accountability for objectives, working with minimal oversight</li>
</ul>
<p style=\\"box-sizing: border-box; margin: 0px 0px 10px; padding: 0px; color: #2d2d2d; font-family: HelveticaNeue, Helvetica, Arial, sans-serif; font-size: 14px; background-color: #ffffff;\\"><strong style=\\"box-sizing: border-box;\\">Additional Qualifications and Skills</strong></p>
<ul style=\\"box-sizing: border-box; margin: 0px 0px 10px 45px; padding: 0px; color: #2d2d2d; font-family: HelveticaNeue, Helvetica, Arial, sans-serif; font-size: 14px; background-color: #ffffff;\\">
<li style=\\"box-sizing: border-box; margin: 0px; padding: 0px 10px 0px 0px; list-style: disc; line-height: 21px; overflow-wrap: break-word;\\">Mobile development (iOS, Android, React Native)</li>
<li style=\\"box-sizing: border-box; margin: 0px; padding: 0px 10px 0px 0px; list-style: disc; line-height: 21px; overflow-wrap: break-word;\\">Experience with 3D mapping technology (Cesium, Google Earth, etc.)</li>
<li style=\\"box-sizing: border-box; margin: 0px; padding: 0px 10px 0px 0px; list-style: disc; line-height: 21px; overflow-wrap: break-word;\\">Familiarity with data science</li>
</ul>
<p style=\\"box-sizing: border-box; margin: 0px 0px 10px; padding: 0px; color: #2d2d2d; font-family: HelveticaNeue, Helvetica, Arial, sans-serif; font-size: 14px; background-color: #ffffff;\\"><strong style=\\"box-sizing: border-box;\\">Education and Training Required</strong></p>
<ul style=\\"box-sizing: border-box; margin: 0px 0px 10px 45px; padding: 0px; color: #2d2d2d; font-family: HelveticaNeue, Helvetica, Arial, sans-serif; font-size: 14px; background-color: #ffffff;\\">
<li style=\\"box-sizing: border-box; margin: 0px; padding: 0px 10px 0px 0px; list-style: disc; line-height: 21px; overflow-wrap: break-word;\\">4 year college (Bachelor’s Degree) or higher. Computer Science degree preferred.</li>
</ul>
<p style=\\"box-sizing: border-box; margin: 0px 0px 10px; padding: 0px; color: #2d2d2d; font-family: HelveticaNeue, Helvetica, Arial, sans-serif; font-size: 14px; background-color: #ffffff;\\"><strong style=\\"box-sizing: border-box;\\">Minimum Years of Experience</strong></p>
<ul style=\\"box-sizing: border-box; margin: 0px 0px 10px 45px; padding: 0px; color: #2d2d2d; font-family: HelveticaNeue, Helvetica, Arial, sans-serif; font-size: 14px; background-color: #ffffff;\\">
<li style=\\"box-sizing: border-box; margin: 0px; padding: 0px 10px 0px 0px; list-style: disc; line-height: 21px; overflow-wrap: break-word;\\">4+ years of real world experience developing proven applications and systems.</li>
</ul>
<p style=\\"box-sizing: border-box; margin: 0px 0px 10px; padding: 0px; color: #2d2d2d; font-family: HelveticaNeue, Helvetica, Arial, sans-serif; font-size: 14px; background-color: #ffffff;\\"><strong style=\\"box-sizing: border-box;\\">Location</strong></p>
<ul style=\\"box-sizing: border-box; margin: 0px 0px 10px 45px; padding: 0px; color: #2d2d2d; font-family: HelveticaNeue, Helvetica, Arial, sans-serif; font-size: 14px; background-color: #ffffff;\\">
<li style=\\"box-sizing: border-box; margin: 0px; padding: 0px 10px 0px 0px; list-style: disc; line-height: 21px; overflow-wrap: break-word;\\">Boulder, Colorado</li>
</ul>
<p style=\\"box-sizing: border-box; margin: 0px 0px 10px; padding: 0px; color: #2d2d2d; font-family: HelveticaNeue, Helvetica, Arial, sans-serif; font-size: 14px; background-color: #ffffff;\\"><strong style=\\"box-sizing: border-box;\\">Other</strong></p>
<ul style=\\"box-sizing: border-box; margin: 0px 0px 10px 45px; padding: 0px; color: #2d2d2d; font-family: HelveticaNeue, Helvetica, Arial, sans-serif; font-size: 14px; background-color: #ffffff;\\">
<li style=\\"box-sizing: border-box; margin: 0px; padding: 0px 10px 0px 0px; list-style: disc; line-height: 21px; overflow-wrap: break-word;\\">Must be US Citizen</li>
</ul><p></p>"
`;
